Archive member included to satisfy reference by file (symbol)

c:/program files/microchip/xc8/v2.40/avr/bin/../lib/gcc/avr/5.4.0/avr5/memx-const\libgcc.a(_udivmodsi4.o)
                              MCAL/USART/USART.o (__udivmodsi4)
c:/program files/microchip/xc8/v2.40/avr/bin/../lib/gcc/avr/5.4.0/avr5/memx-const\libgcc.a(_tablejump2.o)
                              MCAL/TIMER/TIMER.o (__tablejump2__)
c:/program files/microchip/xc8/v2.40/avr/bin/../lib/gcc/avr/5.4.0/avr5/memx-const\libgcc.a(_copy_data.o)
                              main.o (__do_copy_data)
c:/program files/microchip/xc8/v2.40/avr/bin/../lib/gcc/avr/5.4.0/avr5/memx-const\libgcc.a(_udivdi3.o)
                              MCAL/TIMER/TIMER.o (__udivdi3)
c:/program files/microchip/xc8/v2.40/avr/bin/../lib/gcc/avr/5.4.0/avr5/memx-const\libgcc.a(_udivmod64.o)
                              c:/program files/microchip/xc8/v2.40/avr/bin/../lib/gcc/avr/5.4.0/avr5/memx-const\libgcc.a(_udivdi3.o) (__udivmod64)
c:/program files/microchip/xc8/v2.40/avr/bin/../lib/gcc/avr/5.4.0/avr5/memx-const\libgcc.a(_movmemx.o)
                              main.o (__movmemx_qi)
c:/program files/microchip/xc8/v2.40/avr/bin/../lib/gcc/avr/5.4.0/avr5/memx-const\libgcc.a(_ashldi3.o)
                              MCAL/TIMER/TIMER.o (__ashldi3)
c:/program files/microchip/xc8/v2.40/avr/bin/../lib/gcc/avr/5.4.0/avr5/memx-const\libgcc.a(_adddi3_s8.o)
                              HAL/LCD/lcd.o (__adddi3_s8)
c:/program files/microchip/xc8/v2.40/avr/bin/../lib/gcc/avr/5.4.0/avr5/memx-const\libgcc.a(_subdi3.o)
                              HAL/LCD/lcd.o (__subdi3)
c:/program files/microchip/xc8/v2.40/avr/bin/../lib/gcc/avr/5.4.0/avr5/memx-const\libgcc.a(_cmpdi2.o)
                              MCAL/TIMER/TIMER.o (__cmpdi2)
c:/program files/microchip/xc8/v2.40/avr/bin/../lib/gcc/avr/5.4.0/avr5/memx-const\libgcc.a(_cmpdi2_s8.o)
                              HAL/LCD/lcd.o (__cmpdi2_s8)
c:/program files/microchip/xc8/v2.40/avr/bin/../lib/gcc/avr/5.4.0/../../../../avr/lib/avr5/memx-const\libc.a(exit.o)
                              D:/apps/avr/7.0/Packs/atmel/ATmega_DFP/1.6.364/xc8/avr/lib/avr5/memx-const/crtatmega328p.o (exit)
c:/program files/microchip/xc8/v2.40/avr/bin/../lib/gcc/avr/5.4.0/../../../../avr/lib/avr5/memx-const\libc.a(lite_free.o)
                              HAL/LCD/lcd.o (free)
c:/program files/microchip/xc8/v2.40/avr/bin/../lib/gcc/avr/5.4.0/../../../../avr/lib/avr5/memx-const\libc.a(lite_malloc.o)
                              HAL/LCD/lcd.o (malloc)
c:/program files/microchip/xc8/v2.40/avr/bin/../lib/gcc/avr/5.4.0/../../../../avr/lib/avr5/memx-const\libc.a(__sio_sprintf_doux.o)
                              main.o (_sprintf_cdopuxX)
c:/program files/microchip/xc8/v2.40/avr/bin/../lib/gcc/avr/5.4.0/../../../../avr/lib/avr5/memx-const\libc.a(__fmt_d.o)
                              c:/program files/microchip/xc8/v2.40/avr/bin/../lib/gcc/avr/5.4.0/../../../../avr/lib/avr5/memx-const\libc.a(__sio_sprintf_doux.o) (__fmt_d_needed)
c:/program files/microchip/xc8/v2.40/avr/bin/../lib/gcc/avr/5.4.0/../../../../avr/lib/avr5/memx-const\libc.a(__fmt_o.o)
                              c:/program files/microchip/xc8/v2.40/avr/bin/../lib/gcc/avr/5.4.0/../../../../avr/lib/avr5/memx-const\libc.a(__sio_sprintf_doux.o) (__fmt_o_needed)
c:/program files/microchip/xc8/v2.40/avr/bin/../lib/gcc/avr/5.4.0/../../../../avr/lib/avr5/memx-const\libc.a(__fmt_s.o)
                              c:/program files/microchip/xc8/v2.40/avr/bin/../lib/gcc/avr/5.4.0/../../../../avr/lib/avr5/memx-const\libc.a(__sio_sprintf_doux.o) (__fmt_s_needed)
c:/program files/microchip/xc8/v2.40/avr/bin/../lib/gcc/avr/5.4.0/../../../../avr/lib/avr5/memx-const\libc.a(__fmt_u.o)
                              c:/program files/microchip/xc8/v2.40/avr/bin/../lib/gcc/avr/5.4.0/../../../../avr/lib/avr5/memx-const\libc.a(__fmt_d.o) (__cvt_u)
c:/program files/microchip/xc8/v2.40/avr/bin/../lib/gcc/avr/5.4.0/../../../../avr/lib/avr5/memx-const\libc.a(__fmt_x.o)
                              c:/program files/microchip/xc8/v2.40/avr/bin/../lib/gcc/avr/5.4.0/../../../../avr/lib/avr5/memx-const\libc.a(__sio_sprintf_doux.o) (__fmt_x_needed)
c:/program files/microchip/xc8/v2.40/avr/bin/../lib/gcc/avr/5.4.0/../../../../avr/lib/avr5/memx-const\libc.a(__pop_int.o)
                              c:/program files/microchip/xc8/v2.40/avr/bin/../lib/gcc/avr/5.4.0/../../../../avr/lib/avr5/memx-const\libc.a(__sio_sprintf_doux.o) (__pop_int_needed)
c:/program files/microchip/xc8/v2.40/avr/bin/../lib/gcc/avr/5.4.0/../../../../avr/lib/avr5/memx-const\libc.a(__printf_core.o)
                              c:/program files/microchip/xc8/v2.40/avr/bin/../lib/gcc/avr/5.4.0/../../../../avr/lib/avr5/memx-const\libc.a(__fmt_d.o) (__pad)
c:/program files/microchip/xc8/v2.40/avr/bin/../lib/gcc/avr/5.4.0/../../../../avr/lib/avr5/memx-const\libc.a(fputc.o)
[...]
Memory Configuration

Name             Origin             Length             Attributes
text             0x0000000000000000 0x0000000000008000 xr
data             0x0000000000800100 0x0000000000000800 rw !x
eeprom           0x0000000000810000 0x0000000000000400 rw !x
fuse             0x0000000000820000 0x0000000000000003 rw !x
lock             0x0000000000830000 0x0000000000000400 rw !x
signature        0x0000000000840000 0x0000000000000400 rw !x
user_signatures  0x0000000000850000 0x0000000000000400 rw !x
*default*        0x0000000000000000 0xffffffffffffffff

Linker script and memory map

Address of section .data set to 0x800100
LOAD D:/apps/avr/7.0/Packs/atmel/ATmega_DFP/1.6.364/xc8/avr/lib/avr5/memx-const/crtatmega328p.o
LOAD HAL/DC_MOTORS/DC_MOTOR.o
LOAD HAL/KEY_PAD/KEY_PAD.o
LOAD HAL/LCD/lcd.o
LOAD main.o
LOAD MCAL/ADC_Converter/ADC.o
LOAD MCAL/EEPROM/EEPROM.o
LOAD MCAL/EXTERNAL_INTERRUPT/EXTERNAL_INTERRUPT.o
LOAD MCAL/GPIO/GPIO.o
LOAD MCAL/TIMER/TIMER.o
LOAD MCAL/USART/USART.o
START GROUP
LOAD c:/program files/microchip/xc8/v2.40/avr/bin/../lib/gcc/avr/5.4.0/../../../../avr/lib/avr5/memx-const\libm.a
END GROUP
START GROUP
LOAD c:/program files/microchip/xc8/v2.40/avr/bin/../lib/gcc/avr/5.4.0/avr5/memx-const\libgcc.a
LOAD c:/program files/microchip/xc8/v2.40/avr/bin/../lib/gcc/avr/5.4.0/../../../../avr/lib/avr5/memx-const\libm.a
LOAD c:/program files/microchip/xc8/v2.40/avr/bin/../lib/gcc/avr/5.4.0/../../../../avr/lib/avr5/memx-const\libc.a
LOAD D:/apps/avr/7.0/Packs/atmel/ATmega_DFP/1.6.364/xc8/avr/lib/avr5/memx-const\libatmega328p.a
END GROUP
                0x0000000000000000                __TEXT_REGION_ORIGIN__ = DEFINED (__TEXT_REGION_ORIGIN__)?__TEXT_REGION_ORIGIN__:0x0
                [0x0000000000800100]                __DATA_REGION_ORIGIN__ = DEFINED (__DATA_REGION_ORIGIN__)?__DATA_REGION_ORIGIN__:0x800060
                [0x0000000000008000]                __TEXT_REGION_LENGTH__ = DEFINED (__TEXT_REGION_LENGTH__)?__TEXT_REGION_LENGTH__:0x20000
                [0x0000000000000800]                __DATA_REGION_LENGTH__ = DEFINED (__DATA_REGION_LENGTH__)?__DATA_REGION_LENGTH__:0xffa0
                [0x0000000000000400]                __EEPROM_REGION_LENGTH__ = DEFINED (__EEPROM_REGION_LENGTH__)?__EEPROM_REGION_LENGTH__:0x10000
                [0x0000000000000003]                __FUSE_REGION_LENGTH__ = DEFINED (__FUSE_REGION_LENGTH__)?__FUSE_REGION_LENGTH__:0x400
                0x0000000000000400                __LOCK_REGION_LENGTH__ = DEFINED (__LOCK_REGION_LENGTH__)?__LOCK_REGION_LENGTH__:0x400
                0x0000000000000400                __SIGNATURE_REGION_LENGTH__ = DEFINED (__SIGNATURE_REGION_LENGTH__)?__SIGNATURE_REGION_LENGTH__:0x400
                0x0000000000000400                __USER_SIGNATURE_REGION_LENGTH__ = DEFINED (__USER_SIGNATURE_REGION_LENGTH__)?__USER_SIGNATURE_REGION_LENGTH__:0x400

.hash
 *(.hash)

.dynsym
 *(.dynsym)

.dynstr
 *(.dynstr)

.gnu.version
 *(.gnu.version)

.gnu.version_d
 *(.gnu.version_d)

.gnu.version_r
 *(.gnu.version_r)

.rel.init
 *(.rel.init)

.rela.init
 *(.rela.init)

.rel.text
 *(.rel.text)
 *(.rel.text.*)
 *(.rel.gnu.linkonce.t*)

.rela.text
 *(.rela.text)
 *(.rela.text.*)
 *(.rela.gnu.linkonce.t*)

.rel.fini
 *(.rel.fini)

.rela.fini
 *(.rela.fini)

.rel.rodata
 *(.rel.rodata)
 *(.rel.rodata.*)
 *(.rel.gnu.linkonce.r*)

.rela.rodata
 *(.rela.rodata)
 *(.rela.rodata.*)
 *(.rela.gnu.linkonce.r*)

.rel.data
 *(.rel.data)
 *(.rel.data.*)
 *(.rel.gnu.linkonce.d*)

.rela.data
 *(.rela.data)
 *(.rela.data.*)
 *(.rela.gnu.linkonce.d*)

.rel.ctors
 *(.rel.ctors)

.rela.ctors
 *(.rela.ctors)

.rel.dtors
 *(.rel.dtors)

.rela.dtors
 *(.rela.dtors)

.rel.got
 *(.rel.got)

.rela.got
 *(.rela.got)

.rel.bss
 *(.rel.bss)

.rela.bss
 *(.rela.bss)

.rel.plt
 *(.rel.plt)

.rela.plt
 *(.rela.plt)

.text           0x0000000000000000       0xd4
 *(.vectors)
 .vectors       0x0000000000000000       0x68 D:/apps/avr/7.0/Packs/atmel/ATmega_DFP/1.6.364/xc8/avr/lib/avr5/memx-const/crtatmega328p.o
                0x0000000000000000                __vector_default
                0x0000000000000000                __vectors
 *(.vectors)
 *(.progmem.gcc*)
 *(.dinit)
 .dinit         0x0000000000000068       0x18 data_init
                0x0000000000000080                . = ALIGN (0x2)
                0x0000000000000080                __trampolines_start = .
 *(.trampolines)
 .trampolines   0x0000000000000080        0x0 linker stubs
 *(.trampolines*)
                0x0000000000000080                __trampolines_end = .
 *libprintf_flt.a:*(.progmem.data)
 *libc.a:*(.progmem.data)
                0x0000000000000080                . = ALIGN (0x2)
 *(.jumptables)
 *(.jumptables*)
 *(.lowtext)
 *(.lowtext*)
                0x0000000000000080                __ctors_start = .
 *(.ctors)
                0x0000000000000080                __ctors_end = .
                0x0000000000000080                __dtors_start = .
 *(.dtors)
                0x0000000000000080                __dtors_end = .
 SORT(*)(.ctors)
 SORT(*)(.dtors)
 *(.init0)
 .init0         0x0000000000000080        0x0 D:/apps/avr/7.0/Packs/atmel/ATmega_DFP/1.6.364/xc8/avr/lib/avr5/memx-const/crtatmega328p.o
                0x0000000000000080                __init
 *(.init0)
 *(.init1)
 *(.init1)
 *(.init2)
 .init2         0x0000000000000080        0xc D:/apps/avr/7.0/Packs/atmel/ATmega_DFP/1.6.364/xc8/avr/lib/avr5/memx-const/crtatmega328p.o
 *(.init2)
 *(.init3)
 *(.init3)
 *(.init4)
 .init4         0x000000000000008c       0x3c c:/program files/microchip/xc8/v2.40/avr/bin/../lib/gcc/avr/5.4.0/avr5/memx-const\libgcc.a(_copy_data.o)
                0x000000000000008c                __do_copy_data
                0x00000000000000ba                __do_clear_bss
 *(.init4)
 *(.init5)
 *(.init5)
 *(.init6)
 *(.init6)
 *(.init7)
 *(.init7)
 *(.init8)
 *(.init8)
 *(.init9)
 .init9         0x00000000000000c8        0x8 D:/apps/avr/7.0/Packs/atmel/ATmega_DFP/1.6.364/xc8/avr/lib/avr5/memx-const/crtatmega328p.o
 *(.init9)
                0x00000000000000d0                . = ALIGN (0x2)
 *(.fini9)
 .fini9         0x00000000000000d0        0x0 c:/program files/microchip/xc8/v2.40/avr/bin/../lib/gcc/avr/5.4.0/avr5/memx-const\libgcc.a(_exit.o)
                0x00000000000000d0                _exit
 *(.fini9)
 *(.fini8)
 *(.fini8)
 *(.fini7)
 *(.fini7)
 *(.fini6)
 *(.fini6)
 *(.fini5)
 *(.fini5)
 *(.fini4)
 *(.fini4)
 *(.fini3)
 *(.fini3)
 *(.fini2)
 *(.fini2)
 *(.fini1)
 *(.fini1)
 *(.fini0)
 .fini0         0x00000000000000d0        0x4 c:/program files/microchip/xc8/v2.40/avr/bin/../lib/gcc/avr/5.4.0/avr5/memx-const\libgcc.a(_exit.o)
 *(.fini0)
                0x00000000000000d4                _etext = .

.data           0x0000000000800100        0x0 load address 0x00000000000000d4
                [!provide]                        PROVIDE (__data_start, .)
 *(.gnu.linkonce.d*)
 *(.gnu.linkonce.r*)
                0x0000000000800100                . = ALIGN (0x2)
                0x0000000000800100                _edata = .
                [!provide]                        PROVIDE (__data_end, .)

.bss            0x0000000000800100        0xc
                [!provide]                        PROVIDE (__bss_start, .)
 *(COMMON)
 COMMON         0x0000000000800100        0xa MCAL/USART/USART.o
                0x0000000000800100                callback_R
                0x0000000000800102                USART_INT_callback
                0x0000000000800108                callback_T
 COMMON         0x000000000080010a        0x2 c:/program files/microchip/xc8/v2.40/avr/bin/../lib/gcc/avr/5.4.0/../../../../avr/lib/avr5/memx-const\libc.a(errno.o)
                0x000000000080010a                __errno_val
                [!provide]                        PROVIDE (__bss_end, .)
                0x00000000000000d4                __data_load_start = LOADADDR (.data)
                0x00000000000000d4                __data_load_end = (__data_load_start + SIZEOF (.data))

.noinit         0x000000000080010c        0x0
                [!provide]                        PROVIDE (__noinit_start, .)
 *(.noinit*)
                [!provide]                        PROVIDE (__noinit_end, .)
                0x000000000080010c                _end = .

.eeprom         0x0000000000810000        0x0
 *(.eeprom*)
                0x0000000000810000                __eeprom_end = .

.fuse
 *(.fuse)
 *(.lfuse)
 *(.hfuse)
 *(.efuse)

.lock
 *(.lock*)

.signature
 *(.signature*)

.user_signatures
 *(.user_signatures*)

.stab
 *(.stab)

.stabstr
 *(.stabstr)

.stab.excl
 *(.stab.excl)

.stab.exclstr
 *(.stab.exclstr)

.stab.index
 *(.stab.index)

.stab.indexstr
 *(.stab.indexstr)

.comment        0x0000000000000000       0x2f
 *(.comment)
 .comment       0x0000000000000000       0x2f HAL/DC_MOTORS/DC_MOTOR.o
                                         0x30 (size before relaxing)
 .comment       0x000000000000002f       0x30 HAL/KEY_PAD/KEY_PAD.o
 .comment       0x000000000000002f       0x30 HAL/LCD/lcd.o
 .comment       0x000000000000002f       0x30 main.o
 .comment       0x000000000000002f       0x30 MCAL/ADC_Converter/ADC.o
 .comment       0x000000000000002f       0x30 MCAL/EEPROM/EEPROM.o
 .comment       0x000000000000002f       0x30 MCAL/EXTERNAL_INTERRUPT/EXTERNAL_INTERRUPT.o
 .comment       0x000000000000002f       0x30 MCAL/GPIO/GPIO.o
 .comment       0x000000000000002f       0x30 MCAL/TIMER/TIMER.o
 .comment       0x000000000000002f       0x30 MCAL/USART/USART.o
 .comment       0x000000000000002f       0x30 c:/program files/microchip/xc8/v2.40/avr/bin/../lib/gcc/avr/5.4.0/../../../../avr/lib/avr5/memx-const\libc.a(exit.o)
 .comment       0x000000000000002f       0x30 c:/program files/microchip/xc8/v2.40/avr/bin/../lib/gcc/avr/5.4.0/../../../../avr/lib/avr5/memx-const\libc.a(lite_free.o)
 .comment       0x000000000000002f       0x30 c:/program files/microchip/xc8/v2.40/avr/bin/../lib/gcc/avr/5.4.0/../../../../avr/lib/avr5/memx-const\libc.a(lite_malloc.o)
 .comment       0x000000000000002f       0x30 c:/program files/microchip/xc8/v2.40/avr/bin/../lib/gcc/avr/5.4.0/../../../../avr/lib/avr5/memx-const\libc.a(__sio_sprintf_doux.o)
 .comment       0x000000000000002f       0x30 c:/program files/microchip/xc8/v2.40/avr/bin/../lib/gcc/avr/5.4.0/../../../../avr/lib/avr5/memx-const\libc.a(__fmt_d.o)
 .comment       0x000000000000002f       0x30 c:/program files/microchip/xc8/v2.40/avr/bin/../lib/gcc/avr/5.4.0/../../../../avr/lib/avr5/memx-const\libc.a(__fmt_o.o)
 .comment       0x000000000000002f       0x30 c:/program files/microchip/xc8/v2.40/avr/bin/../lib/gcc/avr/5.4.0/../../../../avr/lib/avr5/memx-const\libc.a(__fmt_s.o)
 .comment       0x000000000000002f       0x30 c:/program files/microchip/xc8/v2.40/avr/bin/../lib/gcc/avr/5.4.0/../../../../avr/lib/avr5/memx-const\libc.a(__fmt_u.o)
 .comment       0x000000000000002f       0x30 c:/program files/microchip/xc8/v2.40/avr/bin/../lib/gcc/avr/5.4.0/../../../../avr/lib/avr5/memx-const\libc.a(__fmt_x.o)
 .comment       0x000000000000002f       0x30 c:/program files/microchip/xc8/v2.40/avr/bin/../lib/gcc/avr/5.4.0/../../../../avr/lib/avr5/memx-const\libc.a(__pop_int.o)
 .comment       0x000000000000002f       0x30 c:/program files/microchip/xc8/v2.40/avr/bin/../lib/gcc/avr/5.4.0/../../../../avr/lib/avr5/memx-const\libc.a(__printf_core.o)
 .comment       0x000000000000002f       0x30 c:/program files/microchip/xc8/v2.40/avr/bin/../lib/gcc/avr/5.4.0/../../../../avr/lib/avr5/memx-const\libc.a(fputc.o)
 .comment       0x000000000000002f       0x30 c:/program files/microchip/xc8/v2.40/avr/bin/../lib/gcc/avr/5.4.0/../../../../avr/lib/avr5/memx-const\libc.a(atoi.o)
 .comment       0x000000000000002f       0x30 c:/program files/microchip/xc8/v2.40/avr/bin/../lib/gcc/avr/5.4.0/../../../../avr/lib/avr5/memx-const\libc.a(strlen.o)
 .comment       0x000000000000002f       0x30 c:/program files/microchip/xc8/v2.40/avr/bin/../lib/gcc/avr/5.4.0/../../../../avr/lib/avr5/memx-const\libc.a(tolower.o)
 .comment       0x000000000000002f       0x30 c:/program files/microchip/xc8/v2.40/avr/bin/../lib/gcc/avr/5.4.0/../../../../avr/lib/avr5/memx-const\libc.a(toupper.o)
 .comment       0x000000000000002f       0x30 c:/program files/microchip/xc8/v2.40/avr/bin/../lib/gcc/avr/5.4.0/../../../../avr/lib/avr5/memx-const\libc.a(errno.o)
 .comment       0x000000000000002f       0x30 c:/program files/microchip/xc8/v2.40/avr/bin/../lib/gcc/avr/5.4.0/../../../../avr/lib/avr5/memx-const\libc.a(_Exit.o)
 .comment       0x000000000000002f       0x30 c:/program files/microchip/xc8/v2.40/avr/bin/../lib/gcc/avr/5.4.0/../../../../avr/lib/avr5/memx-const\libc.a(expand_heap.o)
 .comment       0x000000000000002f       0x30 c:/program files/microchip/xc8/v2.40/avr/bin/../lib/gcc/avr/5.4.0/../../../../avr/lib/avr5/memx-const\libc.a(__int_vsprintf.o)
 .comment       0x000000000000002f       0x30 c:/program files/microchip/xc8/v2.40/avr/bin/../lib/gcc/avr/5.4.0/../../../../avr/lib/avr5/memx-const\libc.a(__int_vsnprintf.o)
 .comment       0x000000000000002f       0x30 c:/program files/microchip/xc8/v2.40/avr/bin/../lib/gcc/avr/5.4.0/../../../../avr/lib/avr5/memx-const\libc.a(__int_vfprintf.o)

.stack.descriptors.hdr
                0x0000000000000000       0x54
 .stack.descriptors.hdr
                0x0000000000000000        0xe c:/program files/microchip/xc8/v2.40/avr/bin/../lib/gcc/avr/5.4.0/avr5/memx-const\libgcc.a(_udivmodsi4.o)
 .stack.descriptors.hdr
                0x000000000000000e        0xe c:/program files/microchip/xc8/v2.40/avr/bin/../lib/gcc/avr/5.4.0/avr5/memx-const\libgcc.a(_movmemx.o)
 .stack.descriptors.hdr
                0x000000000000001c        0xe c:/program files/microchip/xc8/v2.40/avr/bin/../lib/gcc/avr/5.4.0/avr5/memx-const\libgcc.a(_adddi3_s8.o)
 .stack.descriptors.hdr
                0x000000000000002a        0xe c:/program files/microchip/xc8/v2.40/avr/bin/../lib/gcc/avr/5.4.0/avr5/memx-const\libgcc.a(_subdi3.o)
 .stack.descriptors.hdr
                0x0000000000000038        0xe c:/program files/microchip/xc8/v2.40/avr/bin/../lib/gcc/avr/5.4.0/avr5/memx-const\libgcc.a(_cmpdi2_s8.o)
 .stack.descriptors.hdr
                0x0000000000000046        0xe c:/program files/microchip/xc8/v2.40/avr/bin/../lib/gcc/avr/5.4.0/avr5/memx-const\libgcc.a(_exit.o)

.note.GNU-stack
                0x0000000000000000        0x0
 .note.GNU-stack
                0x0000000000000000        0x0 c:/program files/microchip/xc8/v2.40/avr/bin/../lib/gcc/avr/5.4.0/../../../../avr/lib/avr5/memx-const\libc.a(exit.o)
 .note.GNU-stack
                0x0000000000000000        0x0 c:/program files/microchip/xc8/v2.40/avr/bin/../lib/gcc/avr/5.4.0/../../../../avr/lib/avr5/memx-const\libc.a(lite_free.o)
 .note.GNU-stack
                0x0000000000000000        0x0 c:/program files/microchip/xc8/v2.40/avr/bin/../lib/gcc/avr/5.4.0/../../../../avr/lib/avr5/memx-const\libc.a(lite_malloc.o)
 .note.GNU-stack
                0x0000000000000000        0x0 c:/program files/microchip/xc8/v2.40/avr/bin/../lib/gcc/avr/5.4.0/../../../../avr/lib/avr5/memx-const\libc.a(__sio_sprintf_doux.o)
 .note.GNU-stack
                0x0000000000000000        0x0 c:/program files/microchip/xc8/v2.40/avr/bin/../lib/gcc/avr/5.4.0/../../../../avr/lib/avr5/memx-const\libc.a(__fmt_d.o)
 .note.GNU-stack
                0x0000000000000000        0x0 c:/program files/microchip/xc8/v2.40/avr/bin/../lib/gcc/avr/5.4.0/../../../../avr/lib/avr5/memx-const\libc.a(__fmt_o.o)
 .note.GNU-stack
                0x0000000000000000        0x0 c:/program files/microchip/xc8/v2.40/avr/bin/../lib/gcc/avr/5.4.0/../../../../avr/lib/avr5/memx-const\libc.a(__fmt_s.o)
 .note.GNU-stack
                0x0000000000000000        0x0 c:/program files/microchip/xc8/v2.40/avr/bin/../lib/gcc/avr/5.4.0/../../../../avr/lib/avr5/memx-const\libc.a(__fmt_u.o)
 .note.GNU-stack
                0x0000000000000000        0x0 c:/program files/microchip/xc8/v2.40/avr/bin/../lib/gcc/avr/5.4.0/../../../../avr/lib/avr5/memx-const\libc.a(__fmt_x.o)
 .note.GNU-stack
                0x0000000000000000        0x0 c:/program files/microchip/xc8/v2.40/avr/bin/../lib/gcc/avr/5.4.0/../../../../avr/lib/avr5/memx-const\libc.a(__pop_int.o)
 .note.GNU-stack
                0x0000000000000000        0x0 c:/program files/microchip/xc8/v2.40/avr/bin/../lib/gcc/avr/5.4.0/../../../../avr/lib/avr5/memx-const\libc.a(__printf_core.o)
 .note.GNU-stack
                0x0000000000000000        0x0 c:/program files/microchip/xc8/v2.40/avr/bin/../lib/gcc/avr/5.4.0/../../../../avr/lib/avr5/memx-const\libc.a(fputc.o)
 .note.GNU-stack
                0x0000000000000000        0x0 c:/program files/microchip/xc8/v2.40/avr/bin/../lib/gcc/avr/5.4.0/../../../../avr/lib/avr5/memx-const\libc.a(atoi.o)
 .note.GNU-stack
                0x0000000000000000        0x0 c:/program files/microchip/xc8/v2.40/avr/bin/../lib/gcc/avr/5.4.0/../../../../avr/lib/avr5/memx-const\libc.a(strlen.o)
 .note.GNU-stack
                0x0000000000000000        0x0 c:/program files/microchip/xc8/v2.40/avr/bin/../lib/gcc/avr/5.4.0/../../../../avr/lib/avr5/memx-const\libc.a(tolower.o)
 .note.GNU-stack
                0x0000000000000000        0x0 c:/program files/microchip/xc8/v2.40/avr/bin/../lib/gcc/avr/5.4.0/../../../../avr/lib/avr5/memx-const\libc.a(toupper.o)
 .note.GNU-stack
                0x0000000000000000        0x0 c:/program files/microchip/xc8/v2.40/avr/bin/../lib/gcc/avr/5.4.0/../../../../avr/lib/avr5/memx-const\libc.a(errno.o)
 .note.GNU-stack
                0x0000000000000000        0x0 c:/program files/microchip/xc8/v2.40/avr/bin/../lib/gcc/avr/5.4.0/../../../../avr/lib/avr5/memx-const\libc.a(_Exit.o)
 .note.GNU-stack
                0x0000000000000000        0x0 c:/program files/microchip/xc8/v2.40/avr/bin/../lib/gcc/avr/5.4.0/../../../../avr/lib/avr5/memx-const\libc.a(expand_heap.o)
 .note.GNU-stack
                0x0000000000000000        0x0 c:/program files/microchip/xc8/v2.40/avr/bin/../lib/gcc/avr/5.4.0/../../../../avr/lib/avr5/memx-const\libc.a(__int_vsprintf.o)
 .note.GNU-stack
                0x0000000000000000        0x0 c:/program files/microchip/xc8/v2.40/avr/bin/../lib/gcc/avr/5.4.0/../../../../avr/lib/avr5/memx-const\libc.a(__int_vsnprintf.o)
 .note.GNU-stack
                0x0000000000000000        0x0 c:/program files/microchip/xc8/v2.40/avr/bin/../lib/gcc/avr/5.4.0/../../../../avr/lib/avr5/memx-const\libc.a(__int_vfprintf.o)

.note.gnu.build-id
 *(.note.gnu.build-id)

.debug
 *(.debug)

.line
 *(.line)

.debug_srcinfo
 *(.debug_srcinfo)

.debug_sfnames
 *(.debug_sfnames)

.debug_aranges  0x0000000000000000      0x390
 *(.debug_aranges)
 .debug_aranges
                0x0000000000000000       0x30 HAL/DC_MOTORS/DC_MOTOR.o
 .debug_aranges
                0x0000000000000030       0x30 HAL/KEY_PAD/KEY_PAD.o
 .debug_aranges
                0x0000000000000060       0x68 HAL/LCD/lcd.o
 .debug_aranges
                0x00000000000000c8       0x78 main.o
 .debug_aranges
                0x0000000000000140       0x40 MCAL/ADC_Converter/ADC.o
 .debug_aranges
                0x0000000000000180       0x28 MCAL/EEPROM/EEPROM.o
 .debug_aranges
                0x00000000000001a8       0x78 MCAL/EXTERNAL_INTERRUPT/EXTERNAL_INTERRUPT.o
 .debug_aranges
                0x0000000000000220       0x60 MCAL/GPIO/GPIO.o
 .debug_aranges
                0x0000000000000280       0xa0 MCAL/TIMER/TIMER.o
 .debug_aranges
                0x0000000000000320       0x70 MCAL/USART/USART.o

.debug_pubnames
 *(.debug_pubnames)

.debug_info     0x0000000000000000     0x6e74
 *(.debug_info .gnu.linkonce.wi.*)
 .debug_info    0x0000000000000000      0x5f4 D:/apps/avr/7.0/Packs/atmel/ATmega_DFP/1.6.364/xc8/avr/lib/avr5/memx-const/crtatmega328p.o
 .debug_info    0x00000000000005f4      0x50c HAL/DC_MOTORS/DC_MOTOR.o
 .debug_info    0x0000000000000b00      0x66c HAL/KEY_PAD/KEY_PAD.o
 .debug_info    0x000000000000116c      0xf49 HAL/LCD/lcd.o
 .debug_info    0x00000000000020b5     0x211f main.o
 .debug_info    0x00000000000041d4      0x740 MCAL/ADC_Converter/ADC.o
 .debug_info    0x0000000000004914      0x345 MCAL/EEPROM/EEPROM.o
 .debug_info    0x0000000000004c59      0x77f MCAL/EXTERNAL_INTERRUPT/EXTERNAL_INTERRUPT.o
 .debug_info    0x00000000000053d8      0x714 MCAL/GPIO/GPIO.o
 .debug_info    0x0000000000005aec      0xd14 MCAL/TIMER/TIMER.o
 .debug_info    0x0000000000006800      0x674 MCAL/USART/USART.o

.debug_abbrev   0x0000000000000000     0x1593
 *(.debug_abbrev)
 .debug_abbrev  0x0000000000000000      0x5a2 D:/apps/avr/7.0/Packs/atmel/ATmega_DFP/1.6.364/xc8/avr/lib/avr5/memx-const/crtatmega328p.o
 .debug_abbrev  0x00000000000005a2       0xe8 HAL/DC_MOTORS/DC_MOTOR.o
 .debug_abbrev  0x000000000000068a      0x1b4 HAL/KEY_PAD/KEY_PAD.o
 .debug_abbrev  0x000000000000083e      0x229 HAL/LCD/lcd.o
 .debug_abbrev  0x0000000000000a67      0x2f6 main.o
 .debug_abbrev  0x0000000000000d5d      0x139 MCAL/ADC_Converter/ADC.o
 .debug_abbrev  0x0000000000000e96       0x9c MCAL/EEPROM/EEPROM.o
 .debug_abbrev  0x0000000000000f32      0x146 MCAL/EXTERNAL_INTERRUPT/EXTERNAL_INTERRUPT.o
 .debug_abbrev  0x0000000000001078      0x169 MCAL/GPIO/GPIO.o
 .debug_abbrev  0x00000000000011e1      0x21f MCAL/TIMER/TIMER.o
 .debug_abbrev  0x0000000000001400      0x193 MCAL/USART/USART.o

.debug_line     0x0000000000000000     0x25f9
 *(.debug_line .debug_line.* .debug_line_end)
 .debug_line    0x0000000000000000      0x137 D:/apps/avr/7.0/Packs/atmel/ATmega_DFP/1.6.364/xc8/avr/lib/avr5/memx-const/crtatmega328p.o
 .debug_line    0x0000000000000137      0x123 HAL/DC_MOTORS/DC_MOTOR.o
 .debug_line    0x000000000000025a      0x20e HAL/KEY_PAD/KEY_PAD.o
 .debug_line    0x0000000000000468      0x5ed HAL/LCD/lcd.o
 .debug_line    0x0000000000000a55      0x966 main.o
 .debug_line    0x00000000000013bb      0x182 MCAL/ADC_Converter/ADC.o
 .debug_line    0x000000000000153d       0xe2 MCAL/EEPROM/EEPROM.o
 .debug_line    0x000000000000161f      0x33f MCAL/EXTERNAL_INTERRUPT/EXTERNAL_INTERRUPT.o
 .debug_line    0x000000000000195e      0x1ef MCAL/GPIO/GPIO.o
 .debug_line    0x0000000000001b4d      0x61f MCAL/TIMER/TIMER.o
 .debug_line    0x000000000000216c      0x48d MCAL/USART/USART.o

.debug_frame    0x0000000000000000     0x1298
 *(.debug_frame)
 .debug_frame   0x0000000000000000       0x6c HAL/DC_MOTORS/DC_MOTOR.o
 .debug_frame   0x000000000000006c       0xc8 HAL/KEY_PAD/KEY_PAD.o
 .debug_frame   0x0000000000000134      0x3cc HAL/LCD/lcd.o
 .debug_frame   0x0000000000000500      0x28c main.o
 .debug_frame   0x000000000000078c       0x7c MCAL/ADC_Converter/ADC.o
 .debug_frame   0x0000000000000808       0x34 MCAL/EEPROM/EEPROM.o
 .debug_frame   0x000000000000083c      0x24c MCAL/EXTERNAL_INTERRUPT/EXTERNAL_INTERRUPT.o
 .debug_frame   0x0000000000000a88       0xdc MCAL/GPIO/GPIO.o
 .debug_frame   0x0000000000000b64      0x55c MCAL/TIMER/TIMER.o
 .debug_frame   0x00000000000010c0      0x1d8 MCAL/USART/USART.o

.debug_str      0x0000000000000000      0x535
 *(.debug_str)
 .debug_str     0x0000000000000000      0x208 D:/apps/avr/7.0/Packs/atmel/ATmega_DFP/1.6.364/xc8/avr/lib/avr5/memx-const/crtatmega328p.o
 .debug_str     0x0000000000000208       0x37 HAL/DC_MOTORS/DC_MOTOR.o
 .debug_str     0x000000000000023f       0x82 HAL/KEY_PAD/KEY_PAD.o
 .debug_str     0x00000000000002c1       0x95 HAL/LCD/lcd.o
 .debug_str     0x0000000000000356      0x11b main.o
 .debug_str     0x0000000000000471        0xc MCAL/ADC_Converter/ADC.o
 .debug_str     0x000000000000047d        0x0 MCAL/EEPROM/EEPROM.o
 .debug_str     0x000000000000047d       0x33 MCAL/EXTERNAL_INTERRUPT/EXTERNAL_INTERRUPT.o
 .debug_str     0x00000000000004b0       0x1e MCAL/GPIO/GPIO.o
 .debug_str     0x00000000000004ce       0x67 MCAL/TIMER/TIMER.o
 .debug_str     0x0000000000000535        0x0 MCAL/USART/USART.o

.debug_loc      0x0000000000000000     0x548a
 *(.debug_loc)
 .debug_loc     0x0000000000000000      0x23b HAL/DC_MOTORS/DC_MOTOR.o
 .debug_loc     0x000000000000023b      0x487 HAL/KEY_PAD/KEY_PAD.o
 .debug_loc     0x00000000000006c2     0x149f HAL/LCD/lcd.o
 .debug_loc     0x0000000000001b61      0xfcd main.o
 .debug_loc     0x0000000000002b2e      0x154 MCAL/ADC_Converter/ADC.o
 .debug_loc     0x0000000000002c82       0x71 MCAL/EEPROM/EEPROM.o
 .debug_loc     0x0000000000002cf3      0x5fe MCAL/EXTERNAL_INTERRUPT/EXTERNAL_INTERRUPT.o
 .debug_loc     0x00000000000032f1      0x3ac MCAL/GPIO/GPIO.o
 .debug_loc     0x000000000000369d     0x17ed MCAL/TIMER/TIMER.o
 .debug_loc     0x0000000000004e8a      0x600 MCAL/USART/USART.o

.debug_macinfo
 *(.debug_macinfo)

.debug_weaknames
 *(.debug_weaknames)

.debug_funcnames
 *(.debug_funcnames)

.debug_typenames
 *(.debug_typenames)

.debug_varnames
 *(.debug_varnames)

.debug_pubtypes
 *(.debug_pubtypes)

.debug_ranges   0x0000000000000000      0x338
 *(.debug_ranges)
 .debug_ranges  0x0000000000000000       0x20 HAL/DC_MOTORS/DC_MOTOR.o
 .debug_ranges  0x0000000000000020       0x38 HAL/KEY_PAD/KEY_PAD.o
 .debug_ranges  0x0000000000000058       0x58 HAL/LCD/lcd.o
 .debug_ranges  0x00000000000000b0       0x98 main.o
 .debug_ranges  0x0000000000000148       0x30 MCAL/ADC_Converter/ADC.o
 .debug_ranges  0x0000000000000178       0x18 MCAL/EEPROM/EEPROM.o
 .debug_ranges  0x0000000000000190       0x68 MCAL/EXTERNAL_INTERRUPT/EXTERNAL_INTERRUPT.o
 .debug_ranges  0x00000000000001f8       0x50 MCAL/GPIO/GPIO.o
 .debug_ranges  0x0000000000000248       0x90 MCAL/TIMER/TIMER.o
 .debug_ranges  0x00000000000002d8       0x60 MCAL/USART/USART.o

.debug_macro
 *(.debug_macro)
OUTPUT(vending machine.elf elf32-avr)
LOAD linker stubs
LOAD data_init

.note.gnu.avr.deviceinfo
                0x0000000000000000       0x40
 .note.gnu.avr.deviceinfo
                0x0000000000000000       0x40 D:/apps/avr/7.0/Packs/atmel/ATmega_DFP/1.6.364/xc8/avr/lib/avr5/memx-const/crtatmega328p.o

.bss.EXTI_FUNC  0x0000000000800132        0xa
 .bss.EXTI_FUNC
                0x0000000000800132        0xa MCAL/EXTERNAL_INTERRUPT/EXTERNAL_INTERRUPT.o
                0x0000000000800132                EXTI_FUNC

.bss.timer_call_back_CAP
                0x000000000080013c        0x2
 .bss.timer_call_back_CAP
                0x000000000080013c        0x2 MCAL/TIMER/TIMER.o
                0x000000000080013c                timer_call_back_CAP

.bss.timer_call_back
                0x0000000000800120       0x12
 .bss.timer_call_back
                0x0000000000800120       0x12 MCAL/TIMER/TIMER.o
                0x0000000000800120                timer_call_back

.bss.__freelist
                0x000000000080013e        0x2
 .bss.__freelist
                0x000000000080013e        0x2 c:/program files/microchip/xc8/v2.40/avr/bin/../lib/gcc/avr/5.4.0/../../../../avr/lib/avr5/memx-const\libc.a(lite_free.o)
                0x000000000080013e                __freelist

.bss.end.1483   0x0000000000800140        0x2
 .bss.end.1483  0x0000000000800140        0x2 c:/program files/microchip/xc8/v2.40/avr/bin/../lib/gcc/avr/5.4.0/../../../../avr/lib/avr5/memx-const\libc.a(lite_malloc.o)

.bss.cur.1482   0x0000000000800142        0x2
 .bss.cur.1482  0x0000000000800142        0x2 c:/program files/microchip/xc8/v2.40/avr/bin/../lib/gcc/avr/5.4.0/../../../../avr/lib/avr5/memx-const\libc.a(lite_malloc.o)

.bss.__brkval   0x0000000000800144        0x2
 .bss.__brkval  0x0000000000800144        0x2 c:/program files/microchip/xc8/v2.40/avr/bin/../lib/gcc/avr/5.4.0/../../../../avr/lib/avr5/memx-const\libc.a(expand_heap.o)

.progmemx.data  0x00000000000000d4      0x196
 .progmemx.data
                0x00000000000000d4      0x196 main.o

.progmemx.data.state_table
                0x000000000000026a       0x16
 .progmemx.data.state_table
                0x000000000000026a       0x16 c:/program files/microchip/xc8/v2.40/avr/bin/../lib/gcc/avr/5.4.0/../../../../avr/lib/avr5/memx-const\libc.a(__printf_core.o)

.progmemx.data.nuls.2781
                0x0000000000000280        0x7
 .progmemx.data.nuls.2781
                0x0000000000000280        0x7 c:/program files/microchip/xc8/v2.40/avr/bin/../lib/gcc/avr/5.4.0/../../../../avr/lib/avr5/memx-const\libc.a(__fmt_s.o)

.progmemx.data.nilstr.2962
                0x0000000000000287        0x6
 .progmemx.data.nilstr.2962
                0x0000000000000287        0x6 c:/program files/microchip/xc8/v2.40/avr/bin/../lib/gcc/avr/5.4.0/../../../../avr/lib/avr5/memx-const\libc.a(__printf_core.o)

.text.vfpfcnvrt
                0x000000000000028e      0x4d8
 .text.vfpfcnvrt
                0x000000000000028e      0x4d8 c:/program files/microchip/xc8/v2.40/avr/bin/../lib/gcc/avr/5.4.0/../../../../avr/lib/avr5/memx-const\libc.a(__printf_core.o)
                0x000000000000028e                vfpfcnvrt

.text.pay_screen
                0x0000000000000766      0x2de
 .text.pay_screen
                0x0000000000000766      0x2de main.o
                0x0000000000000766                pay_screen

.text.init_lcd8bit
                0x0000000000000a44      0x23c
 .text.init_lcd8bit
                0x0000000000000a44      0x23c HAL/LCD/lcd.o
                0x0000000000000a44                init_lcd8bit

.text.config_machine
                0x0000000000000c80      0x212
 .text.config_machine
                0x0000000000000c80      0x212 main.o
                0x0000000000000c80                config_machine

.text.user_add_product
                0x0000000000000e92      0x206
 .text.user_add_product
                0x0000000000000e92      0x206 main.o
                0x0000000000000e92                user_add_product

.text.main      0x0000000000001098      0x1ee
 .text.main     0x0000000000001098      0x1ee main.o
                0x0000000000001098                main

.text.init_lcd4bit
                0x0000000000001286      0x1ea
 .text.init_lcd4bit
                0x0000000000001286      0x1ea HAL/LCD/lcd.o
                0x0000000000001286                init_lcd4bit

.text.lcd_string
                0x0000000000001470      0x1ea
 .text.lcd_string
                0x0000000000001470      0x1ea HAL/LCD/lcd.o
                0x0000000000001470                lcd_string

.text.__fmt_x   0x000000000000165a      0x1da
 .text.__fmt_x  0x000000000000165a      0x1da c:/program files/microchip/xc8/v2.40/avr/bin/../lib/gcc/avr/5.4.0/../../../../avr/lib/avr5/memx-const\libc.a(__fmt_x.o)
                0x000000000000165a                __fmt_x_needed
                0x000000000000165a                __fmt_x

.text.lcd_string_pos
                0x0000000000001834      0x1d8
 .text.lcd_string_pos
                0x0000000000001834      0x1d8 HAL/LCD/lcd.o
                0x0000000000001834                lcd_string_pos

.text.lcd_cmd   0x0000000000001a0c      0x1c8
 .text.lcd_cmd  0x0000000000001a0c      0x1c8 HAL/LCD/lcd.o
                0x0000000000001a0c                lcd_cmd

.text.lcd_char  0x0000000000001bd4      0x1b6
 .text.lcd_char
                0x0000000000001bd4      0x1b6 HAL/LCD/lcd.o
                0x0000000000001bd4                lcd_char

.text.product_on_screen_list
                0x0000000000001d8a      0x12c
 .text.product_on_screen_list
                0x0000000000001d8a      0x12c main.o
                0x0000000000001d8a                product_on_screen_list

.text.add_product
                0x0000000000001eb6       0xec
 .text.add_product
                0x0000000000001eb6       0xec main.o
                0x0000000000001eb6                add_product

.text.move_on_screen
                0x0000000000001fa2       0xe8
 .text.move_on_screen
                0x0000000000001fa2       0xe8 main.o
                0x0000000000001fa2                move_on_screen

.text.__fmt_d   0x000000000000208a       0xe6
 .text.__fmt_d  0x000000000000208a       0xe6 c:/program files/microchip/xc8/v2.40/avr/bin/../lib/gcc/avr/5.4.0/../../../../avr/lib/avr5/memx-const\libc.a(__fmt_d.o)
                0x000000000000208a                __fmt_d
                0x000000000000208a                __fmt_d_needed

.text.__simple_search_fl
                0x0000000000002170       0xe0
 .text.__simple_search_fl
                0x0000000000002170       0xe0 c:/program files/microchip/xc8/v2.40/avr/bin/../lib/gcc/avr/5.4.0/../../../../avr/lib/avr5/memx-const\libc.a(lite_free.o)
                0x0000000000002170                __simple_search_fl

.text.__simple_malloc
                0x0000000000002250       0xda
 .text.__simple_malloc
                0x0000000000002250       0xda c:/program files/microchip/xc8/v2.40/avr/bin/../lib/gcc/avr/5.4.0/../../../../avr/lib/avr5/memx-const\libc.a(lite_malloc.o)
                0x0000000000002250                __malloc0
                0x0000000000002250                __simple_malloc
                0x0000000000002250                malloc

.text.__pop_int
                0x000000000000232a       0xda
 .text.__pop_int
                0x000000000000232a       0xda c:/program files/microchip/xc8/v2.40/avr/bin/../lib/gcc/avr/5.4.0/../../../../avr/lib/avr5/memx-const\libc.a(__pop_int.o)
                0x000000000000232a                __pop_int_needed
                0x000000000000232a                __pop_int

.text.KEYPAD_get_input
                0x0000000000002404       0xd6
 .text.KEYPAD_get_input
                0x0000000000002404       0xd6 HAL/KEY_PAD/KEY_PAD.o
                0x0000000000002404                KEYPAD_get_input

.text.__cvt_u   0x00000000000024da       0xca
 .text.__cvt_u  0x00000000000024da       0xca c:/program files/microchip/xc8/v2.40/avr/bin/../lib/gcc/avr/5.4.0/../../../../avr/lib/avr5/memx-const\libc.a(__fmt_u.o)
                0x00000000000024da                __cvt_u

.text.lcd_delete
                0x00000000000025a4       0xbc
 .text.lcd_delete
                0x00000000000025a4       0xbc HAL/LCD/lcd.o
                0x00000000000025a4                lcd_delete

.text.lcd_custom_char
                0x0000000000002660       0xba
 .text.lcd_custom_char
                0x0000000000002660       0xba HAL/LCD/lcd.o
                0x0000000000002660                lcd_custom_char

.text.init_lcd  0x000000000000271a       0xb6
 .text.init_lcd
                0x000000000000271a       0xb6 HAL/LCD/lcd.o
                0x000000000000271a                init_lcd

.text.__fmt_o   0x00000000000027d0       0xb4
 .text.__fmt_o  0x00000000000027d0       0xb4 c:/program files/microchip/xc8/v2.40/avr/bin/../lib/gcc/avr/5.4.0/../../../../avr/lib/avr5/memx-const\libc.a(__fmt_o.o)
                0x00000000000027d0                __fmt_o
                0x00000000000027d0                __fmt_o_needed

.text.enter_bottun
                0x0000000000002884       0xac
 .text.enter_bottun
                0x0000000000002884       0xac main.o
                0x0000000000002884                enter_bottun

.text.__vsnprintf
                0x0000000000002930       0xa4
 .text.__vsnprintf
                0x0000000000002930       0xa4 c:/program files/microchip/xc8/v2.40/avr/bin/../lib/gcc/avr/5.4.0/../../../../avr/lib/avr5/memx-const\libc.a(__int_vsnprintf.o)
                0x0000000000002930                __vsnprintf

.text.init_KEYPAD
                0x00000000000029d4       0x9e
 .text.init_KEYPAD
                0x00000000000029d4       0x9e HAL/KEY_PAD/KEY_PAD.o
                0x00000000000029d4                init_KEYPAD

.text.lcd_clear
                0x0000000000002a72       0x9e
 .text.lcd_clear
                0x0000000000002a72       0x9e HAL/LCD/lcd.o
                0x0000000000002a72                lcd_clear

.text.__fmt_state
                0x0000000000002b10       0x9e
 .text.__fmt_state
                0x0000000000002b10       0x9e c:/program files/microchip/xc8/v2.40/avr/bin/../lib/gcc/avr/5.4.0/../../../../avr/lib/avr5/memx-const\libc.a(__printf_core.o)
                0x0000000000002b10                __fmt_state

.text.__pad     0x0000000000002bae       0x96
 .text.__pad    0x0000000000002bae       0x96 c:/program files/microchip/xc8/v2.40/avr/bin/../lib/gcc/avr/5.4.0/../../../../avr/lib/avr5/memx-const\libc.a(__printf_core.o)
                0x0000000000002bae                __pad

.text.__printf_core
                0x0000000000002c44       0x94
 .text.__printf_core
                0x0000000000002c44       0x94 c:/program files/microchip/xc8/v2.40/avr/bin/../lib/gcc/avr/5.4.0/../../../../avr/lib/avr5/memx-const\libc.a(__printf_core.o)
                0x0000000000002c44                __printf_core

.text.fputc     0x0000000000002cd8       0x92
 .text.fputc    0x0000000000002cd8       0x92 c:/program files/microchip/xc8/v2.40/avr/bin/../lib/gcc/avr/5.4.0/../../../../avr/lib/avr5/memx-const\libc.a(fputc.o)
                0x0000000000002cd8                fputc
                0x0000000000002cd8                putc

.text.__fmt_u   0x0000000000002d6a       0x90
 .text.__fmt_u  0x0000000000002d6a       0x90 c:/program files/microchip/xc8/v2.40/avr/bin/../lib/gcc/avr/5.4.0/../../../../avr/lib/avr5/memx-const\libc.a(__fmt_u.o)
                0x0000000000002d6a                __fmt_u_needed
                0x0000000000002d6a                __fmt_u

.text.atoi      0x0000000000002dfa       0x90
 .text.atoi     0x0000000000002dfa       0x90 c:/program files/microchip/xc8/v2.40/avr/bin/../lib/gcc/avr/5.4.0/../../../../avr/lib/avr5/memx-const\libc.a(atoi.o)
                0x0000000000002dfa                atoi

.text.__fmt_s   0x0000000000002e8a       0x7a
 .text.__fmt_s  0x0000000000002e8a       0x7a c:/program files/microchip/xc8/v2.40/avr/bin/../lib/gcc/avr/5.4.0/../../../../avr/lib/avr5/memx-const\libc.a(__fmt_s.o)
                0x0000000000002e8a                __fmt_s
                0x0000000000002e8a                __fmt_0_needed
                0x0000000000002e8a                __fmt_s_needed

.text.__simple_free
                0x0000000000002f04       0x78
 .text.__simple_free
                0x0000000000002f04       0x78 c:/program files/microchip/xc8/v2.40/avr/bin/../lib/gcc/avr/5.4.0/../../../../avr/lib/avr5/memx-const\libc.a(lite_free.o)
                0x0000000000002f04                __simple_free
                0x0000000000002f04                free
                0x0000000000002f04                __free0

.text.read_prec_or_width
                0x0000000000002f7c       0x78
 .text.read_prec_or_width
                0x0000000000002f7c       0x78 c:/program files/microchip/xc8/v2.40/avr/bin/../lib/gcc/avr/5.4.0/../../../../avr/lib/avr5/memx-const\libc.a(__printf_core.o)

.text.frist_setup
                0x0000000000002ff4       0x72
 .text.frist_setup
                0x0000000000002ff4       0x72 main.o
                0x0000000000002ff4                frist_setup

.text.GPIO_PIN_mode
                0x0000000000003066       0x70
 .text.GPIO_PIN_mode
                0x0000000000003066       0x70 MCAL/GPIO/GPIO.o
                0x0000000000003066                GPIO_PIN_mode

.text.__expand_heap
                0x00000000000030d6       0x6e
 .text.__expand_heap
                0x00000000000030d6       0x6e c:/program files/microchip/xc8/v2.40/avr/bin/../lib/gcc/avr/5.4.0/../../../../avr/lib/avr5/memx-const\libc.a(expand_heap.o)
                0x00000000000030d6                __expand_heap

.text.__out     0x0000000000003144       0x68
 .text.__out    0x0000000000003144       0x68 c:/program files/microchip/xc8/v2.40/avr/bin/../lib/gcc/avr/5.4.0/../../../../avr/lib/avr5/memx-const\libc.a(__printf_core.o)
                0x0000000000003144                __out

.text.__vector_10
                0x00000000000031ac       0x5a
 .text.__vector_10
                0x00000000000031ac       0x5a MCAL/TIMER/TIMER.o
                0x00000000000031ac                __vector_10

.text.__vector_18
                0x0000000000003206       0x58
 .text.__vector_18
                0x0000000000003206       0x58 MCAL/USART/USART.o
                0x0000000000003206                __vector_18

.text.__vector_19
                0x000000000000325e       0x58
 .text.__vector_19
                0x000000000000325e       0x58 MCAL/USART/USART.o
                0x000000000000325e                __vector_19

.text.__vector_20
                0x00000000000032b6       0x58
 .text.__vector_20
                0x00000000000032b6       0x58 MCAL/USART/USART.o
                0x00000000000032b6                __vector_20

.text.help_screen
                0x000000000000330e       0x56
 .text.help_screen
                0x000000000000330e       0x56 main.o
                0x000000000000330e                help_screen

.text.program_start_menu
                0x0000000000003364       0x56
 .text.program_start_menu
                0x0000000000003364       0x56 main.o
                0x0000000000003364                program_start_menu

.text.__vector_1
                0x00000000000033ba       0x52
 .text.__vector_1
                0x00000000000033ba       0x52 MCAL/EXTERNAL_INTERRUPT/EXTERNAL_INTERRUPT.o
                0x00000000000033ba                __vector_1

.text.__vector_2
                0x000000000000340c       0x52
 .text.__vector_2
                0x000000000000340c       0x52 MCAL/EXTERNAL_INTERRUPT/EXTERNAL_INTERRUPT.o
                0x000000000000340c                __vector_2

.text.__vector_3
                0x000000000000345e       0x52
 .text.__vector_3
                0x000000000000345e       0x52 MCAL/EXTERNAL_INTERRUPT/EXTERNAL_INTERRUPT.o
                0x000000000000345e                __vector_3

.text.__vector_4
                0x00000000000034b0       0x52
 .text.__vector_4
                0x00000000000034b0       0x52 MCAL/EXTERNAL_INTERRUPT/EXTERNAL_INTERRUPT.o
                0x00000000000034b0                __vector_4

.text.__vector_5
                0x0000000000003502       0x52
 .text.__vector_5
                0x0000000000003502       0x52 MCAL/EXTERNAL_INTERRUPT/EXTERNAL_INTERRUPT.o
                0x0000000000003502                __vector_5

.text.__vector_16
                0x0000000000003554       0x52
 .text.__vector_16
                0x0000000000003554       0x52 MCAL/TIMER/TIMER.o
                0x0000000000003554                __vector_16

.text.__vector_15
                0x00000000000035a6       0x52
 .text.__vector_15
                0x00000000000035a6       0x52 MCAL/TIMER/TIMER.o
                0x00000000000035a6                __vector_15

.text.__vector_14
                0x00000000000035f8       0x52
 .text.__vector_14
                0x00000000000035f8       0x52 MCAL/TIMER/TIMER.o
                0x00000000000035f8                __vector_14

.text.__vector_13
                0x000000000000364a       0x52
 .text.__vector_13
                0x000000000000364a       0x52 MCAL/TIMER/TIMER.o
                0x000000000000364a                __vector_13

.text.__vector_12
                0x000000000000369c       0x52
 .text.__vector_12
                0x000000000000369c       0x52 MCAL/TIMER/TIMER.o
                0x000000000000369c                __vector_12

.text.__vector_11
                0x00000000000036ee       0x52
 .text.__vector_11
                0x00000000000036ee       0x52 MCAL/TIMER/TIMER.o
                0x00000000000036ee                __vector_11

.text.__vector_9
                0x0000000000003740       0x52
 .text.__vector_9
                0x0000000000003740       0x52 MCAL/TIMER/TIMER.o
                0x0000000000003740                __vector_9

.text.__vector_8
                0x0000000000003792       0x52
 .text.__vector_8
                0x0000000000003792       0x52 MCAL/TIMER/TIMER.o
                0x0000000000003792                __vector_8

.text.__vector_7
                0x00000000000037e4       0x52
 .text.__vector_7
                0x00000000000037e4       0x52 MCAL/TIMER/TIMER.o
                0x00000000000037e4                __vector_7

.text.GPIO_writePIN_value
                0x0000000000003836       0x4c
 .text.GPIO_writePIN_value
                0x0000000000003836       0x4c MCAL/GPIO/GPIO.o
                0x0000000000003836                GPIO_writePIN_value

.text.libgcc.div
                0x0000000000003882       0x44
 .text.libgcc.div
                0x0000000000003882       0x44 c:/program files/microchip/xc8/v2.40/avr/bin/../lib/gcc/avr/5.4.0/avr5/memx-const\libgcc.a(_udivmodsi4.o)
                0x0000000000003882                __udivmodsi4

.text.init_DCMOTOR
                0x00000000000038c6       0x3a
 .text.init_DCMOTOR
                0x00000000000038c6       0x3a HAL/DC_MOTORS/DC_MOTOR.o
                0x00000000000038c6                init_DCMOTOR

.text.MOTOR_MOVE
                0x0000000000003900       0x3a
 .text.MOTOR_MOVE
                0x0000000000003900       0x3a HAL/DC_MOTORS/DC_MOTOR.o
                0x0000000000003900                MOTOR_MOVE

.text.libgcc.prologue
                0x000000000000393a       0x38
 .text.libgcc.prologue
                0x000000000000393a       0x38 c:/program files/microchip/xc8/v2.40/avr/bin/../lib/gcc/avr/5.4.0/avr5/memx-const\libgcc.a(_prologue.o)
                0x000000000000393a                __prologue_saves__

.text.libgcc.prologue
                0x0000000000003972       0x36
 .text.libgcc.prologue
                0x0000000000003972       0x36 c:/program files/microchip/xc8/v2.40/avr/bin/../lib/gcc/avr/5.4.0/avr5/memx-const\libgcc.a(_epilogue.o)
                0x0000000000003972                __epilogue_restores__

.text.__vfprintf
                0x00000000000039a8       0x30
 .text.__vfprintf
                0x00000000000039a8       0x30 c:/program files/microchip/xc8/v2.40/avr/bin/../lib/gcc/avr/5.4.0/../../../../avr/lib/avr5/memx-const\libc.a(__int_vfprintf.o)
                0x00000000000039a8                __vfprintf

.text.strlen    0x00000000000039d8       0x2c
 .text.strlen   0x00000000000039d8       0x2c c:/program files/microchip/xc8/v2.40/avr/bin/../lib/gcc/avr/5.4.0/../../../../avr/lib/avr5/memx-const\libc.a(strlen.o)
                0x00000000000039d8                strlen

.text.GPIO_readPIN_value
                0x0000000000003a04       0x26
 .text.GPIO_readPIN_value
                0x0000000000003a04       0x26 MCAL/GPIO/GPIO.o
                0x0000000000003a04                GPIO_readPIN_value

.text.__wrap_sprintf
                0x0000000000003a2a       0x26
 .text.__wrap_sprintf
                0x0000000000003a2a       0x26 c:/program files/microchip/xc8/v2.40/avr/bin/../lib/gcc/avr/5.4.0/../../../../avr/lib/avr5/memx-const\libc.a(__sio_sprintf_doux.o)
                0x0000000000003a2a                _sprintf_cdopuxX

.text.MOTOR_STOP
                0x0000000000003a50       0x20
 .text.MOTOR_STOP
                0x0000000000003a50       0x20 HAL/DC_MOTORS/DC_MOTOR.o
                0x0000000000003a50                MOTOR_STOP

.text.EEPROM_WRITE_BYTE
                0x0000000000003a70       0x20
 .text.EEPROM_WRITE_BYTE
                0x0000000000003a70       0x20 MCAL/EEPROM/EEPROM.o
                0x0000000000003a70                EEPROM_WRITE_BYTE

.text.EEPROM_READ_BYTE
                0x0000000000003a90       0x1e
 .text.EEPROM_READ_BYTE
                0x0000000000003a90       0x1e MCAL/EEPROM/EEPROM.o
                0x0000000000003a90                EEPROM_READ_BYTE

.text.libgcc    0x0000000000003aae       0x1a
 .text.libgcc   0x0000000000003aae       0x1a c:/program files/microchip/xc8/v2.40/avr/bin/../lib/gcc/avr/5.4.0/avr5/memx-const\libgcc.a(_movmemx.o)
                0x0000000000003aae                __movmemx_qi
                0x0000000000003ab0                __movmemx_hi

.text.libgcc    0x0000000000003ac8       0x18
 .text.libgcc   0x0000000000003ac8       0x18 c:/program files/microchip/xc8/v2.40/avr/bin/../lib/gcc/avr/5.4.0/avr5/memx-const\libgcc.a(_adddi3_s8.o)
                0x0000000000003ac8                __adddi3_s8

.text.libgcc    0x0000000000003ae0       0x18
 .text.libgcc   0x0000000000003ae0       0x18 c:/program files/microchip/xc8/v2.40/avr/bin/../lib/gcc/avr/5.4.0/avr5/memx-const\libgcc.a(_cmpdi2_s8.o)
                0x0000000000003ae0                __cmpdi2_s8

.text.__vsprintf
                0x0000000000003af8       0x18
 .text.__vsprintf
                0x0000000000003af8       0x18 c:/program files/microchip/xc8/v2.40/avr/bin/../lib/gcc/avr/5.4.0/../../../../avr/lib/avr5/memx-const\libc.a(__int_vsprintf.o)
                0x0000000000003af8                __vsprintf

.text.exit      0x0000000000003b10       0x16
 .text.exit     0x0000000000003b10       0x16 c:/program files/microchip/xc8/v2.40/avr/bin/../lib/gcc/avr/5.4.0/../../../../avr/lib/avr5/memx-const\libc.a(exit.o)
                0x0000000000003b10                exit

.text.__vector_21
                0x0000000000003b26       0x14
 .text.__vector_21
                0x0000000000003b26       0x14 MCAL/ADC_Converter/ADC.o
                0x0000000000003b26                __vector_21

.text.libgcc    0x0000000000003b3a       0x12
 .text.libgcc   0x0000000000003b3a       0x12 c:/program files/microchip/xc8/v2.40/avr/bin/../lib/gcc/avr/5.4.0/avr5/memx-const\libgcc.a(_subdi3.o)
                0x0000000000003b3a                __subdi3

.text.toupper   0x0000000000003b4c       0x12
 .text.toupper  0x0000000000003b4c       0x12 c:/program files/microchip/xc8/v2.40/avr/bin/../lib/gcc/avr/5.4.0/../../../../avr/lib/avr5/memx-const\libc.a(toupper.o)
                0x0000000000003b4c                toupper

.text.tolower   0x0000000000003b5e       0x10
 .text.tolower  0x0000000000003b5e       0x10 c:/program files/microchip/xc8/v2.40/avr/bin/../lib/gcc/avr/5.4.0/../../../../avr/lib/avr5/memx-const\libc.a(tolower.o)
                0x0000000000003b5e                tolower

.text           0x0000000000003b6e        0x4
 .text          0x0000000000003b6e        0x4 D:/apps/avr/7.0/Packs/atmel/ATmega_DFP/1.6.364/xc8/avr/lib/avr5/memx-const/crtatmega328p.o
                0x0000000000003b6e                __vector_24
                0x0000000000003b6e                __bad_interrupt
                0x0000000000003b6e                __vector_6
                0x0000000000003b6e                __vector_23
                0x0000000000003b6e                __vector_25
                0x0000000000003b6e                __vector_17
                0x0000000000003b6e                __vector_22

.text.PGPIO_PORT_get_register
                0x0000000000003b72        0x4
 .text.PGPIO_PORT_get_register
                0x0000000000003b72        0x4 MCAL/GPIO/GPIO.o
                0x0000000000003b72                PGPIO_PORT_get_register

.text._Exit     0x0000000000003b76        0x4
 .text._Exit    0x0000000000003b76        0x4 c:/program files/microchip/xc8/v2.40/avr/bin/../lib/gcc/avr/5.4.0/../../../../avr/lib/avr5/memx-const\libc.a(_Exit.o)
                0x0000000000003b76                _Exit

.text.__dummy_fini
                0x0000000000003b7a        0x2
 .text.__dummy_fini
                0x0000000000003b7a        0x2 c:/program files/microchip/xc8/v2.40/avr/bin/../lib/gcc/avr/5.4.0/../../../../avr/lib/avr5/memx-const\libc.a(exit.o)
                0x0000000000003b7a                _fini

.text.__dummy_funcs_on_exit
                0x0000000000003b7c        0x2
 .text.__dummy_funcs_on_exit
                0x0000000000003b7c        0x2 c:/program files/microchip/xc8/v2.40/avr/bin/../lib/gcc/avr/5.4.0/../../../../avr/lib/avr5/memx-const\libc.a(exit.o)
                0x0000000000003b7c                __funcs_on_exit

.text.__dummy_simulator_exit
                0x0000000000003b7e        0x2
 .text.__dummy_simulator_exit
                0x0000000000003b7e        0x2 c:/program files/microchip/xc8/v2.40/avr/bin/../lib/gcc/avr/5.4.0/../../../../avr/lib/avr5/memx-const\libc.a(exit.o)
                0x0000000000003b7e                __simulator_exit

.rodata         0x000000000080010c       0x14 load address 0x0000000000003b80
 .rodata        0x000000000080010c       0x14 main.o

.data.__malloc_heap_end
                0x0000000000800146        0x2 load address 0x0000000000003b94
 .data.__malloc_heap_end
                0x0000000000800146        0x2 c:/program files/microchip/xc8/v2.40/avr/bin/../lib/gcc/avr/5.4.0/../../../../avr/lib/avr5/memx-const\libc.a(expand_heap.o)
                0x0000000000800146                __malloc_heap_end

.data.__malloc_heap_start
                0x0000000000800148        0x2 load address 0x0000000000003b96
 .data.__malloc_heap_start
                0x0000000000800148        0x2 c:/program files/microchip/xc8/v2.40/avr/bin/../lib/gcc/avr/5.4.0/../../../../avr/lib/avr5/memx-const\libc.a(expand_heap.o)
                0x0000000000800148                __malloc_heap_start
